This is an error
Another error occurred
